﻿
> timetable@0.0.0 build
> tsc -b && vite build

[36mvite v8.0.3 [32mbuilding client environment for production...[36m[39m
[2K
transforming...Γ£ô 1731 modules transformed.
node.exe : [31mΓ£ù[39m Build failed in 509ms
At line:1 char:1
+ & "C:\Program Files\nodejs/node.exe" "C:\Program Files\nodejs/node_mo ...
+ ~~~~~~~~~~~~~~~~~~~~~~~~~~~~~~~~~~~~~~~~~~~~~~~~~~~~~~~~~~~~~~~~~~~~~
    + CategoryInfo          : NotSpecified: ([31mΓ£ù[39m Build failed in 509ms:String) [], RemoteException
    + FullyQualifiedErrorId : NativeCommandError
 
[31merror during build:
[31mBuild failed with 1 error:

[plugin @tailwindcss/vite:generate:build] C:/Users/user/Documents/project/timetable/src/index.css
Error: Cannot apply unknown utility class `focus-visible:ring-ring`
    at onInvalidCandidate 
(file:///C:/Users/user/Documents/project/timetable/node_modules/tailwindcss/dist/chunk-F4544Y4M.mjs:21:1511)
    at $e (file:///C:/Users/user/Documents/project/timetable/node_modules/tailwindcss/dist/chunk-F4544Y4M.mjs:16:37066)
    at file:///C:/Users/user/Documents/project/timetable/node_modules/tailwindcss/dist/chunk-F4544Y4M.mjs:21:355
    at Cr (file:///C:/Users/user/Documents/project/timetable/node_modules/tailwindcss/dist/chunk-F4544Y4M.mjs:3:1733)
    at _ (file:///C:/Users/user/Documents/project/timetable/node_modules/tailwindcss/dist/chunk-F4544Y4M.mjs:3:1377)
    at Ce (file:///C:/Users/user/Documents/project/timetable/node_modules/tailwindcss/dist/chunk-F4544Y4M.mjs:21:172)
    at Zi (file:///C:/Users/user/Documents/project/timetable/node_modules/tailwindcss/dist/chunk-F4544Y4M.mjs:38:294)
    at async ua 
(file:///C:/Users/user/Documents/project/timetable/node_modules/tailwindcss/dist/chunk-F4544Y4M.mjs:38:631)
    at async yf 
(file:///C:/Users/user/Documents/project/timetable/node_modules/tailwindcss/dist/chunk-F4544Y4M.mjs:38:1406)
    at async uu 
(file:///C:/Users/user/Documents/project/timetable/node_modules/@tailwindcss/node/dist/index.mjs:10:3457)[31m
    at aggregateBindingErrorsIntoJsError 
(file:///C:/Users/user/Documents/project/timetable/node_modules/rolldown/dist/shared/error-BLhcSyeg.mjs:48:18)
    at unwrapBindingResult 
(file:///C:/Users/user/Documents/project/timetable/node_modules/rolldown/dist/shared/error-BLhcSyeg.mjs:18:128)
    at #build (file:///C:/Users/user/Documents/project/timetable/node_modules/rolldown/dist/shared/rolldown-build-CPrIX
9V6.mjs:3313:34)
    at async buildEnvironment 
(file:///C:/Users/user/Documents/project/timetable/node_modules/vite/dist/node/chunks/node.js:32849:64)
    at async Object.build 
(file:///C:/Users/user/Documents/project/timetable/node_modules/vite/dist/node/chunks/node.js:33271:19)
    at async Object.buildApp 
(file:///C:/Users/user/Documents/project/timetable/node_modules/vite/dist/node/chunks/node.js:33268:153)
    at async CAC.<anonymous> 
(file:///C:/Users/user/Documents/project/timetable/node_modules/vite/dist/node/cli.js:778:3) {
  errors: [Getter/Setter]
}[39m
